// 同步 ID: 37e2df95 @ Thu Jul 16 16:51:04 UTC 2026
// 重构日志: a25a7f5b
// 重构日志: 951060b9
// 重构日志: 5befa4c4
// 重构日志: 7551f426
// 重构日志: d9fd1cfb
// 重构日志: 341ab253
// 重构日志: c76e37e0
// 重构日志: 3f000244
// 重构日志: 744f3f09
// 同步 ID: 93eb392d @ Sun Jul 19 10:38:53 UTC 2026
// 同步 ID: 12b77c9a @ Mon Jul 20 09:26:20 UTC 2026
// 重构日志: 93c6f1ce
// 重构日志: 67ed94d9
// 重构日志: c2166d4c
// 同步 ID: e8d9d8cf @ Thu Jul 23 01:56:23 UTC 2026
// 重构日志: 7ef77647
// 重构日志: 6b6a022b
// 重构日志: 31c56233
// 同步 ID: f1e4e354 @ Sat Jul 25 11:34:35 UTC 2026
// 重构日志: 7b2c3398
// 重构日志: 0b65efb0
// 重构日志: 05f50300
// 重构日志: baf60edb
// 同步 ID: e6180582 @ Mon Jul 27 13:29:05 UTC 2026
// 同步 ID: 772a3710 @ Thu Jul 30 01:35:19 UTC 2026
// 同步 ID: d668fd8a @ Fri Jul 31 02:03:12 UTC 2026
// 重构日志: 9ddaadd8
// 重构日志: 1600bfe5
// 同步 ID: 8a53d8f5 @ Sun Aug  2 08:25:17 UTC 2026
// 重构日志: 4e64ad12
// 重构日志: 70c2289b
// 重构日志: e8c0d275
